0 verbose cli /root/.nvm/versions/node/v20.19.6/bin/node /root/.nvm/versions/node/v20.19.6/bin/npm
1 info using npm@10.8.2
2 info using node@v20.19.6
3 silly config load:file:/root/.nvm/versions/node/v20.19.6/lib/node_modules/npm/npmrc
4 silly config load:file:/var/www/progect3.antonov-mark.ru/frontend/.npmrc
5 silly config load:file:/root/.npmrc
6 silly config load:file:/root/.nvm/versions/node/v20.19.6/etc/npmrc
7 verbose title npm install
8 verbose argv "install" "--cache" "/var/www/progect3.antonov-mark.ru/.npm-cache"
9 verbose logfile logs-max:10 dir:/var/www/progect3.antonov-mark.ru/.npm-cache/_logs/2026-01-21T10_08_41_212Z-
10 verbose logfile /var/www/progect3.antonov-mark.ru/.npm-cache/_logs/2026-01-21T10_08_41_212Z-debug-0.log
11 silly packumentCache heap:2103443456 maxSize:525860864 maxEntrySize:262930432
12 silly logfile done cleaning log files
13 silly idealTree buildDeps
14 silly reify moves {}
15 silly audit bulk request {
15 silly audit   '@babel/helper-string-parser': [ '7.27.1' ],
15 silly audit   '@babel/helper-validator-identifier': [ '7.28.5' ],
15 silly audit   '@babel/parser': [ '7.28.6' ],
15 silly audit   '@babel/types': [ '7.28.6' ],
15 silly audit   '@esbuild/aix-ppc64': [ '0.27.2' ],
15 silly audit   '@esbuild/android-arm': [ '0.27.2' ],
15 silly audit   '@esbuild/android-arm64': [ '0.27.2' ],
15 silly audit   '@esbuild/android-x64': [ '0.27.2' ],
15 silly audit   '@esbuild/darwin-arm64': [ '0.27.2' ],
15 silly audit   '@esbuild/darwin-x64': [ '0.27.2' ],
15 silly audit   '@esbuild/freebsd-arm64': [ '0.27.2' ],
15 silly audit   '@esbuild/freebsd-x64': [ '0.27.2' ],
15 silly audit   '@esbuild/linux-arm': [ '0.27.2' ],
15 silly audit   '@esbuild/linux-arm64': [ '0.27.2' ],
15 silly audit   '@esbuild/linux-ia32': [ '0.27.2' ],
15 silly audit   '@esbuild/linux-loong64': [ '0.27.2' ],
15 silly audit   '@esbuild/linux-mips64el': [ '0.27.2' ],
15 silly audit   '@esbuild/linux-ppc64': [ '0.27.2' ],
15 silly audit   '@esbuild/linux-riscv64': [ '0.27.2' ],
15 silly audit   '@esbuild/linux-s390x': [ '0.27.2' ],
15 silly audit   '@esbuild/linux-x64': [ '0.27.2' ],
15 silly audit   '@esbuild/netbsd-arm64': [ '0.27.2' ],
15 silly audit   '@esbuild/netbsd-x64': [ '0.27.2' ],
15 silly audit   '@esbuild/openbsd-arm64': [ '0.27.2' ],
15 silly audit   '@esbuild/openbsd-x64': [ '0.27.2' ],
15 silly audit   '@esbuild/openharmony-arm64': [ '0.27.2' ],
15 silly audit   '@esbuild/sunos-x64': [ '0.27.2' ],
15 silly audit   '@esbuild/win32-arm64': [ '0.27.2' ],
15 silly audit   '@esbuild/win32-ia32': [ '0.27.2' ],
15 silly audit   '@esbuild/win32-x64': [ '0.27.2' ],
15 silly audit   '@jridgewell/sourcemap-codec': [ '1.5.5' ],
15 silly audit   '@rolldown/pluginutils': [ '1.0.0-beta.53' ],
15 silly audit   '@rollup/rollup-android-arm-eabi': [ '4.55.1' ],
15 silly audit   '@rollup/rollup-android-arm64': [ '4.55.1' ],
15 silly audit   '@rollup/rollup-darwin-arm64': [ '4.55.1' ],
15 silly audit   '@rollup/rollup-darwin-x64': [ '4.55.1' ],
15 silly audit   '@rollup/rollup-freebsd-arm64': [ '4.55.1' ],
15 silly audit   '@rollup/rollup-freebsd-x64': [ '4.55.1' ],
15 silly audit   '@rollup/rollup-linux-arm-gnueabihf': [ '4.55.1' ],
15 silly audit   '@rollup/rollup-linux-arm-musleabihf': [ '4.55.1' ],
15 silly audit   '@rollup/rollup-linux-arm64-gnu': [ '4.55.1' ],
15 silly audit   '@rollup/rollup-linux-arm64-musl': [ '4.55.1' ],
15 silly audit   '@rollup/rollup-linux-loong64-gnu': [ '4.55.1' ],
15 silly audit   '@rollup/rollup-linux-loong64-musl': [ '4.55.1' ],
15 silly audit   '@rollup/rollup-linux-ppc64-gnu': [ '4.55.1' ],
15 silly audit   '@rollup/rollup-linux-ppc64-musl': [ '4.55.1' ],
15 silly audit   '@rollup/rollup-linux-riscv64-gnu': [ '4.55.1' ],
15 silly audit   '@rollup/rollup-linux-riscv64-musl': [ '4.55.1' ],
15 silly audit   '@rollup/rollup-linux-s390x-gnu': [ '4.55.1' ],
15 silly audit   '@rollup/rollup-linux-x64-gnu': [ '4.55.1' ],
15 silly audit   '@rollup/rollup-linux-x64-musl': [ '4.55.1' ],
15 silly audit   '@rollup/rollup-openbsd-x64': [ '4.55.1' ],
15 silly audit   '@rollup/rollup-openharmony-arm64': [ '4.55.1' ],
15 silly audit   '@rollup/rollup-win32-arm64-msvc': [ '4.55.1' ],
15 silly audit   '@rollup/rollup-win32-ia32-msvc': [ '4.55.1' ],
15 silly audit   '@rollup/rollup-win32-x64-gnu': [ '4.55.1' ],
15 silly audit   '@rollup/rollup-win32-x64-msvc': [ '4.55.1' ],
15 silly audit   '@types/estree': [ '1.0.8' ],
15 silly audit   '@vitejs/plugin-vue': [ '6.0.3' ],
15 silly audit   '@vue/compiler-core': [ '3.5.26' ],
15 silly audit   '@vue/compiler-dom': [ '3.5.26' ],
15 silly audit   '@vue/compiler-sfc': [ '3.5.26' ],
15 silly audit   '@vue/compiler-ssr': [ '3.5.26' ],
15 silly audit   '@vue/devtools-api': [ '7.7.9', '6.6.4' ],
15 silly audit   '@vue/devtools-kit': [ '7.7.9' ],
15 silly audit   '@vue/devtools-shared': [ '7.7.9' ],
15 silly audit   '@vue/reactivity': [ '3.5.26' ],
15 silly audit   '@vue/runtime-core': [ '3.5.26' ],
15 silly audit   '@vue/runtime-dom': [ '3.5.26' ],
15 silly audit   '@vue/server-renderer': [ '3.5.26' ],
15 silly audit   '@vue/shared': [ '3.5.26' ],
15 silly audit   birpc: [ '2.9.0' ],
15 silly audit   'copy-anything': [ '4.0.5' ],
15 silly audit   csstype: [ '3.2.3' ],
15 silly audit   entities: [ '7.0.0' ],
15 silly audit   esbuild: [ '0.27.2' ],
15 silly audit   'estree-walker': [ '2.0.2' ],
15 silly audit   fdir: [ '6.5.0' ],
15 silly audit   fsevents: [ '2.3.3' ],
15 silly audit   hookable: [ '5.5.3' ],
15 silly audit   'is-what': [ '5.5.0' ],
15 silly audit   'magic-string': [ '0.30.21' ],
15 silly audit   mitt: [ '3.0.1' ],
15 silly audit   nanoid: [ '3.3.11' ],
15 silly audit   'perfect-debounce': [ '1.0.0' ],
15 silly audit   picocolors: [ '1.1.1' ],
15 silly audit   picomatch: [ '4.0.3' ],
15 silly audit   pinia: [ '3.0.4' ],
15 silly audit   postcss: [ '8.5.6' ],
15 silly audit   rfdc: [ '1.4.1' ],
15 silly audit   rollup: [ '4.55.1' ],
15 silly audit   'source-map-js': [ '1.2.1' ],
15 silly audit   speakingurl: [ '14.0.1' ],
15 silly audit   superjson: [ '2.2.6' ],
15 silly audit   tinyglobby: [ '0.2.15' ],
15 silly audit   vite: [ '7.3.1' ],
15 silly audit   vue: [ '3.5.26' ],
15 silly audit   'vue-router': [ '4.6.4' ]
15 silly audit }
16 verbose reify failed optional dependency /var/www/progect3.antonov-mark.ru/frontend/node_modules/fsevents
17 silly reify mark deleted [ '/var/www/progect3.antonov-mark.ru/frontend/node_modules/fsevents' ]
18 verbose reify failed optional dependency /var/www/progect3.antonov-mark.ru/frontend/node_modules/@rollup/rollup-win32-x64-msvc
19 silly reify mark deleted [
19 silly reify   '/var/www/progect3.antonov-mark.ru/frontend/node_modules/@rollup/rollup-win32-x64-msvc'
19 silly reify ]
20 verbose reify failed optional dependency /var/www/progect3.antonov-mark.ru/frontend/node_modules/@rollup/rollup-win32-x64-gnu
21 silly reify mark deleted [
21 silly reify   '/var/www/progect3.antonov-mark.ru/frontend/node_modules/@rollup/rollup-win32-x64-gnu'
21 silly reify ]
22 verbose reify failed optional dependency /var/www/progect3.antonov-mark.ru/frontend/node_modules/@rollup/rollup-win32-ia32-msvc
23 silly reify mark deleted [
23 silly reify   '/var/www/progect3.antonov-mark.ru/frontend/node_modules/@rollup/rollup-win32-ia32-msvc'
23 silly reify ]
24 verbose reify failed optional dependency /var/www/progect3.antonov-mark.ru/frontend/node_modules/@rollup/rollup-win32-arm64-msvc
25 silly reify mark deleted [
25 silly reify   '/var/www/progect3.antonov-mark.ru/frontend/node_modules/@rollup/rollup-win32-arm64-msvc'
25 silly reify ]
26 verbose reify failed optional dependency /var/www/progect3.antonov-mark.ru/frontend/node_modules/@rollup/rollup-openharmony-arm64
27 silly reify mark deleted [
27 silly reify   '/var/www/progect3.antonov-mark.ru/frontend/node_modules/@rollup/rollup-openharmony-arm64'
27 silly reify ]
28 verbose reify failed optional dependency /var/www/progect3.antonov-mark.ru/frontend/node_modules/@rollup/rollup-openbsd-x64
29 silly reify mark deleted [
29 silly reify   '/var/www/progect3.antonov-mark.ru/frontend/node_modules/@rollup/rollup-openbsd-x64'
29 silly reify ]
30 verbose reify failed optional dependency /var/www/progect3.antonov-mark.ru/frontend/node_modules/@rollup/rollup-linux-s390x-gnu
31 silly reify mark deleted [
31 silly reify   '/var/www/progect3.antonov-mark.ru/frontend/node_modules/@rollup/rollup-linux-s390x-gnu'
31 silly reify ]
32 verbose reify failed optional dependency /var/www/progect3.antonov-mark.ru/frontend/node_modules/@rollup/rollup-linux-riscv64-musl
33 silly reify mark deleted [
33 silly reify   '/var/www/progect3.antonov-mark.ru/frontend/node_modules/@rollup/rollup-linux-riscv64-musl'
33 silly reify ]
34 verbose reify failed optional dependency /var/www/progect3.antonov-mark.ru/frontend/node_modules/@rollup/rollup-linux-riscv64-gnu
35 silly reify mark deleted [
35 silly reify   '/var/www/progect3.antonov-mark.ru/frontend/node_modules/@rollup/rollup-linux-riscv64-gnu'
35 silly reify ]
36 verbose reify failed optional dependency /var/www/progect3.antonov-mark.ru/frontend/node_modules/@rollup/rollup-linux-ppc64-musl
37 silly reify mark deleted [
37 silly reify   '/var/www/progect3.antonov-mark.ru/frontend/node_modules/@rollup/rollup-linux-ppc64-musl'
37 silly reify ]
38 verbose reify failed optional dependency /var/www/progect3.antonov-mark.ru/frontend/node_modules/@rollup/rollup-linux-ppc64-gnu
39 silly reify mark deleted [
39 silly reify   '/var/www/progect3.antonov-mark.ru/frontend/node_modules/@rollup/rollup-linux-ppc64-gnu'
39 silly reify ]
40 verbose reify failed optional dependency /var/www/progect3.antonov-mark.ru/frontend/node_modules/@rollup/rollup-linux-loong64-musl
41 silly reify mark deleted [
41 silly reify   '/var/www/progect3.antonov-mark.ru/frontend/node_modules/@rollup/rollup-linux-loong64-musl'
41 silly reify ]
42 verbose reify failed optional dependency /var/www/progect3.antonov-mark.ru/frontend/node_modules/@rollup/rollup-linux-loong64-gnu
43 silly reify mark deleted [
43 silly reify   '/var/www/progect3.antonov-mark.ru/frontend/node_modules/@rollup/rollup-linux-loong64-gnu'
43 silly reify ]
44 verbose reify failed optional dependency /var/www/progect3.antonov-mark.ru/frontend/node_modules/@rollup/rollup-linux-arm64-musl
45 silly reify mark deleted [
45 silly reify   '/var/www/progect3.antonov-mark.ru/frontend/node_modules/@rollup/rollup-linux-arm64-musl'
45 silly reify ]
46 verbose reify failed optional dependency /var/www/progect3.antonov-mark.ru/frontend/node_modules/@rollup/rollup-linux-arm64-gnu
47 silly reify mark deleted [
47 silly reify   '/var/www/progect3.antonov-mark.ru/frontend/node_modules/@rollup/rollup-linux-arm64-gnu'
47 silly reify ]
48 verbose reify failed optional dependency /var/www/progect3.antonov-mark.ru/frontend/node_modules/@rollup/rollup-linux-arm-musleabihf
49 silly reify mark deleted [
49 silly reify   '/var/www/progect3.antonov-mark.ru/frontend/node_modules/@rollup/rollup-linux-arm-musleabihf'
49 silly reify ]
50 verbose reify failed optional dependency /var/www/progect3.antonov-mark.ru/frontend/node_modules/@rollup/rollup-linux-arm-gnueabihf
51 silly reify mark deleted [
51 silly reify   '/var/www/progect3.antonov-mark.ru/frontend/node_modules/@rollup/rollup-linux-arm-gnueabihf'
51 silly reify ]
52 verbose reify failed optional dependency /var/www/progect3.antonov-mark.ru/frontend/node_modules/@rollup/rollup-freebsd-x64
53 silly reify mark deleted [
53 silly reify   '/var/www/progect3.antonov-mark.ru/frontend/node_modules/@rollup/rollup-freebsd-x64'
53 silly reify ]
54 verbose reify failed optional dependency /var/www/progect3.antonov-mark.ru/frontend/node_modules/@rollup/rollup-freebsd-arm64
55 silly reify mark deleted [
55 silly reify   '/var/www/progect3.antonov-mark.ru/frontend/node_modules/@rollup/rollup-freebsd-arm64'
55 silly reify ]
56 verbose reify failed optional dependency /var/www/progect3.antonov-mark.ru/frontend/node_modules/@rollup/rollup-darwin-x64
57 silly reify mark deleted [
57 silly reify   '/var/www/progect3.antonov-mark.ru/frontend/node_modules/@rollup/rollup-darwin-x64'
57 silly reify ]
58 verbose reify failed optional dependency /var/www/progect3.antonov-mark.ru/frontend/node_modules/@rollup/rollup-darwin-arm64
59 silly reify mark deleted [
59 silly reify   '/var/www/progect3.antonov-mark.ru/frontend/node_modules/@rollup/rollup-darwin-arm64'
59 silly reify ]
60 verbose reify failed optional dependency /var/www/progect3.antonov-mark.ru/frontend/node_modules/@rollup/rollup-android-arm64
61 silly reify mark deleted [
61 silly reify   '/var/www/progect3.antonov-mark.ru/frontend/node_modules/@rollup/rollup-android-arm64'
61 silly reify ]
62 verbose reify failed optional dependency /var/www/progect3.antonov-mark.ru/frontend/node_modules/@rollup/rollup-android-arm-eabi
63 silly reify mark deleted [
63 silly reify   '/var/www/progect3.antonov-mark.ru/frontend/node_modules/@rollup/rollup-android-arm-eabi'
63 silly reify ]
64 verbose reify failed optional dependency /var/www/progect3.antonov-mark.ru/frontend/node_modules/@esbuild/win32-x64
65 silly reify mark deleted [
65 silly reify   '/var/www/progect3.antonov-mark.ru/frontend/node_modules/@esbuild/win32-x64'
65 silly reify ]
66 verbose reify failed optional dependency /var/www/progect3.antonov-mark.ru/frontend/node_modules/@esbuild/win32-ia32
67 silly reify mark deleted [
67 silly reify   '/var/www/progect3.antonov-mark.ru/frontend/node_modules/@esbuild/win32-ia32'
67 silly reify ]
68 verbose reify failed optional dependency /var/www/progect3.antonov-mark.ru/frontend/node_modules/@esbuild/win32-arm64
69 silly reify mark deleted [
69 silly reify   '/var/www/progect3.antonov-mark.ru/frontend/node_modules/@esbuild/win32-arm64'
69 silly reify ]
70 verbose reify failed optional dependency /var/www/progect3.antonov-mark.ru/frontend/node_modules/@esbuild/sunos-x64
71 silly reify mark deleted [
71 silly reify   '/var/www/progect3.antonov-mark.ru/frontend/node_modules/@esbuild/sunos-x64'
71 silly reify ]
72 verbose reify failed optional dependency /var/www/progect3.antonov-mark.ru/frontend/node_modules/@esbuild/openharmony-arm64
73 silly reify mark deleted [
73 silly reify   '/var/www/progect3.antonov-mark.ru/frontend/node_modules/@esbuild/openharmony-arm64'
73 silly reify ]
74 verbose reify failed optional dependency /var/www/progect3.antonov-mark.ru/frontend/node_modules/@esbuild/openbsd-x64
75 silly reify mark deleted [
75 silly reify   '/var/www/progect3.antonov-mark.ru/frontend/node_modules/@esbuild/openbsd-x64'
75 silly reify ]
76 verbose reify failed optional dependency /var/www/progect3.antonov-mark.ru/frontend/node_modules/@esbuild/openbsd-arm64
77 silly reify mark deleted [
77 silly reify   '/var/www/progect3.antonov-mark.ru/frontend/node_modules/@esbuild/openbsd-arm64'
77 silly reify ]
78 verbose reify failed optional dependency /var/www/progect3.antonov-mark.ru/frontend/node_modules/@esbuild/netbsd-x64
79 silly reify mark deleted [
79 silly reify   '/var/www/progect3.antonov-mark.ru/frontend/node_modules/@esbuild/netbsd-x64'
79 silly reify ]
80 verbose reify failed optional dependency /var/www/progect3.antonov-mark.ru/frontend/node_modules/@esbuild/netbsd-arm64
81 silly reify mark deleted [
81 silly reify   '/var/www/progect3.antonov-mark.ru/frontend/node_modules/@esbuild/netbsd-arm64'
81 silly reify ]
82 verbose reify failed optional dependency /var/www/progect3.antonov-mark.ru/frontend/node_modules/@esbuild/linux-s390x
83 silly reify mark deleted [
83 silly reify   '/var/www/progect3.antonov-mark.ru/frontend/node_modules/@esbuild/linux-s390x'
83 silly reify ]
84 verbose reify failed optional dependency /var/www/progect3.antonov-mark.ru/frontend/node_modules/@esbuild/linux-riscv64
85 silly reify mark deleted [
85 silly reify   '/var/www/progect3.antonov-mark.ru/frontend/node_modules/@esbuild/linux-riscv64'
85 silly reify ]
86 verbose reify failed optional dependency /var/www/progect3.antonov-mark.ru/frontend/node_modules/@esbuild/linux-ppc64
87 silly reify mark deleted [
87 silly reify   '/var/www/progect3.antonov-mark.ru/frontend/node_modules/@esbuild/linux-ppc64'
87 silly reify ]
88 verbose reify failed optional dependency /var/www/progect3.antonov-mark.ru/frontend/node_modules/@esbuild/linux-mips64el
89 silly reify mark deleted [
89 silly reify   '/var/www/progect3.antonov-mark.ru/frontend/node_modules/@esbuild/linux-mips64el'
89 silly reify ]
90 verbose reify failed optional dependency /var/www/progect3.antonov-mark.ru/frontend/node_modules/@esbuild/linux-loong64
91 silly reify mark deleted [
91 silly reify   '/var/www/progect3.antonov-mark.ru/frontend/node_modules/@esbuild/linux-loong64'
91 silly reify ]
92 verbose reify failed optional dependency /var/www/progect3.antonov-mark.ru/frontend/node_modules/@esbuild/linux-ia32
93 silly reify mark deleted [
93 silly reify   '/var/www/progect3.antonov-mark.ru/frontend/node_modules/@esbuild/linux-ia32'
93 silly reify ]
94 verbose reify failed optional dependency /var/www/progect3.antonov-mark.ru/frontend/node_modules/@esbuild/linux-arm64
95 silly reify mark deleted [
95 silly reify   '/var/www/progect3.antonov-mark.ru/frontend/node_modules/@esbuild/linux-arm64'
95 silly reify ]
96 verbose reify failed optional dependency /var/www/progect3.antonov-mark.ru/frontend/node_modules/@esbuild/linux-arm
97 silly reify mark deleted [
97 silly reify   '/var/www/progect3.antonov-mark.ru/frontend/node_modules/@esbuild/linux-arm'
97 silly reify ]
98 verbose reify failed optional dependency /var/www/progect3.antonov-mark.ru/frontend/node_modules/@esbuild/freebsd-x64
99 silly reify mark deleted [
99 silly reify   '/var/www/progect3.antonov-mark.ru/frontend/node_modules/@esbuild/freebsd-x64'
99 silly reify ]
100 verbose reify failed optional dependency /var/www/progect3.antonov-mark.ru/frontend/node_modules/@esbuild/freebsd-arm64
101 silly reify mark deleted [
101 silly reify   '/var/www/progect3.antonov-mark.ru/frontend/node_modules/@esbuild/freebsd-arm64'
101 silly reify ]
102 verbose reify failed optional dependency /var/www/progect3.antonov-mark.ru/frontend/node_modules/@esbuild/darwin-x64
103 silly reify mark deleted [
103 silly reify   '/var/www/progect3.antonov-mark.ru/frontend/node_modules/@esbuild/darwin-x64'
103 silly reify ]
104 verbose reify failed optional dependency /var/www/progect3.antonov-mark.ru/frontend/node_modules/@esbuild/darwin-arm64
105 silly reify mark deleted [
105 silly reify   '/var/www/progect3.antonov-mark.ru/frontend/node_modules/@esbuild/darwin-arm64'
105 silly reify ]
106 verbose reify failed optional dependency /var/www/progect3.antonov-mark.ru/frontend/node_modules/@esbuild/android-x64
107 silly reify mark deleted [
107 silly reify   '/var/www/progect3.antonov-mark.ru/frontend/node_modules/@esbuild/android-x64'
107 silly reify ]
108 verbose reify failed optional dependency /var/www/progect3.antonov-mark.ru/frontend/node_modules/@esbuild/android-arm64
109 silly reify mark deleted [
109 silly reify   '/var/www/progect3.antonov-mark.ru/frontend/node_modules/@esbuild/android-arm64'
109 silly reify ]
110 verbose reify failed optional dependency /var/www/progect3.antonov-mark.ru/frontend/node_modules/@esbuild/android-arm
111 silly reify mark deleted [
111 silly reify   '/var/www/progect3.antonov-mark.ru/frontend/node_modules/@esbuild/android-arm'
111 silly reify ]
112 verbose reify failed optional dependency /var/www/progect3.antonov-mark.ru/frontend/node_modules/@esbuild/aix-ppc64
113 silly reify mark deleted [
113 silly reify   '/var/www/progect3.antonov-mark.ru/frontend/node_modules/@esbuild/aix-ppc64'
113 silly reify ]
114 http fetch POST 200 https://registry.npmjs.org/-/npm/v1/security/advisories/bulk 513ms
115 silly audit report {}
116 silly ADD
117 silly ADD
118 silly ADD
119 silly ADD
120 silly ADD
121 silly ADD
122 silly ADD
123 silly ADD
124 silly ADD
125 silly ADD
126 silly ADD
127 silly ADD
128 silly ADD
129 silly ADD
130 silly ADD
131 silly ADD
132 silly ADD
133 silly ADD
134 silly ADD
135 silly ADD
136 silly ADD
137 silly ADD
138 silly ADD
139 silly ADD
140 silly ADD
141 silly ADD
142 silly ADD
143 silly ADD
144 silly ADD
145 silly ADD
146 silly ADD
147 silly ADD
148 silly ADD
149 silly ADD
150 silly ADD
151 silly ADD
152 silly ADD
153 silly ADD
154 silly ADD
155 silly ADD
156 silly ADD
157 silly ADD
158 silly ADD
159 silly ADD
160 silly ADD
161 silly ADD
162 silly ADD
163 silly ADD
164 silly ADD
165 verbose cwd /var/www/progect3.antonov-mark.ru/frontend
166 verbose os Linux 6.8.0-90-generic
167 verbose node v20.19.6
168 verbose npm  v10.8.2
169 verbose exit 0
170 info ok
