0 verbose cli /root/.nvm/versions/node/v20.19.6/bin/node /root/.nvm/versions/node/v20.19.6/bin/npm
1 info using npm@10.8.2
2 info using node@v20.19.6
3 silly config load:file:/root/.nvm/versions/node/v20.19.6/lib/node_modules/npm/npmrc
4 silly config load:file:/var/www/progect3.antonov-mark.ru/frontend/.npmrc
5 silly config load:file:/root/.npmrc
6 silly config load:file:/root/.nvm/versions/node/v20.19.6/etc/npmrc
7 verbose title npm install vue-router
8 verbose argv "install" "vue-router" "--cache" "/var/www/progect3.antonov-mark.ru/.npm-cache"
9 verbose logfile logs-max:10 dir:/var/www/progect3.antonov-mark.ru/.npm-cache/_logs/2026-01-21T09_23_44_566Z-
10 verbose logfile /var/www/progect3.antonov-mark.ru/.npm-cache/_logs/2026-01-21T09_23_44_566Z-debug-0.log
11 silly packumentCache heap:2103443456 maxSize:525860864 maxEntrySize:262930432
12 silly logfile done cleaning log files
13 silly idealTree buildDeps
14 silly fetch manifest vue-router@*
15 silly packumentCache full:https://registry.npmjs.org/vue-router cache-miss
16 verbose shrinkwrap failed to load node_modules/.package-lock.json out of date, updated: node_modules
17 http fetch GET 200 https://registry.npmjs.org/vue-router 260ms (cache miss)
18 silly packumentCache full:https://registry.npmjs.org/vue-router set size:undefined disposed:false
19 silly fetch manifest vue@3.5.26
20 silly packumentCache full:https://registry.npmjs.org/vue cache-miss
21 http fetch GET 200 https://registry.npmjs.org/vue 93ms (cache miss)
22 silly packumentCache full:https://registry.npmjs.org/vue set size:undefined disposed:false
23 silly fetch manifest typescript@*
24 silly packumentCache full:https://registry.npmjs.org/typescript cache-miss
25 http fetch GET 200 https://registry.npmjs.org/typescript 367ms (cache miss)
26 silly packumentCache full:https://registry.npmjs.org/typescript set size:undefined disposed:false
27 silly placeDep ROOT vue-router@4.6.4 OK for: custom-inline-webhook-frontend@1.0.0 want: *
28 silly fetch manifest @vue/devtools-api@^6.6.4
29 silly packumentCache full:https://registry.npmjs.org/@vue%2fdevtools-api cache-miss
30 http fetch GET 200 https://registry.npmjs.org/@vue%2fdevtools-api 77ms (cache miss)
31 silly packumentCache full:https://registry.npmjs.org/@vue%2fdevtools-api set size:undefined disposed:false
32 silly placeDep node_modules/vue-router @vue/devtools-api@6.6.4 OK for: vue-router@4.6.4 want: ^6.6.4
33 silly reify moves {}
34 silly audit bulk request {
34 silly audit   '@babel/helper-string-parser': [ '7.27.1' ],
34 silly audit   '@babel/helper-validator-identifier': [ '7.28.5' ],
34 silly audit   '@babel/parser': [ '7.28.6' ],
34 silly audit   '@babel/types': [ '7.28.6' ],
34 silly audit   '@esbuild/aix-ppc64': [ '0.27.2' ],
34 silly audit   '@esbuild/android-arm': [ '0.27.2' ],
34 silly audit   '@esbuild/android-arm64': [ '0.27.2' ],
34 silly audit   '@esbuild/android-x64': [ '0.27.2' ],
34 silly audit   '@esbuild/darwin-arm64': [ '0.27.2' ],
34 silly audit   '@esbuild/darwin-x64': [ '0.27.2' ],
34 silly audit   '@esbuild/freebsd-arm64': [ '0.27.2' ],
34 silly audit   '@esbuild/freebsd-x64': [ '0.27.2' ],
34 silly audit   '@esbuild/linux-arm': [ '0.27.2' ],
34 silly audit   '@esbuild/linux-arm64': [ '0.27.2' ],
34 silly audit   '@esbuild/linux-ia32': [ '0.27.2' ],
34 silly audit   '@esbuild/linux-loong64': [ '0.27.2' ],
34 silly audit   '@esbuild/linux-mips64el': [ '0.27.2' ],
34 silly audit   '@esbuild/linux-ppc64': [ '0.27.2' ],
34 silly audit   '@esbuild/linux-riscv64': [ '0.27.2' ],
34 silly audit   '@esbuild/linux-s390x': [ '0.27.2' ],
34 silly audit   '@esbuild/linux-x64': [ '0.27.2' ],
34 silly audit   '@esbuild/netbsd-arm64': [ '0.27.2' ],
34 silly audit   '@esbuild/netbsd-x64': [ '0.27.2' ],
34 silly audit   '@esbuild/openbsd-arm64': [ '0.27.2' ],
34 silly audit   '@esbuild/openbsd-x64': [ '0.27.2' ],
34 silly audit   '@esbuild/openharmony-arm64': [ '0.27.2' ],
34 silly audit   '@esbuild/sunos-x64': [ '0.27.2' ],
34 silly audit   '@esbuild/win32-arm64': [ '0.27.2' ],
34 silly audit   '@esbuild/win32-ia32': [ '0.27.2' ],
34 silly audit   '@esbuild/win32-x64': [ '0.27.2' ],
34 silly audit   '@jridgewell/sourcemap-codec': [ '1.5.5' ],
34 silly audit   '@rolldown/pluginutils': [ '1.0.0-beta.53' ],
34 silly audit   '@rollup/rollup-android-arm-eabi': [ '4.55.1' ],
34 silly audit   '@rollup/rollup-android-arm64': [ '4.55.1' ],
34 silly audit   '@rollup/rollup-darwin-arm64': [ '4.55.1' ],
34 silly audit   '@rollup/rollup-darwin-x64': [ '4.55.1' ],
34 silly audit   '@rollup/rollup-freebsd-arm64': [ '4.55.1' ],
34 silly audit   '@rollup/rollup-freebsd-x64': [ '4.55.1' ],
34 silly audit   '@rollup/rollup-linux-arm-gnueabihf': [ '4.55.1' ],
34 silly audit   '@rollup/rollup-linux-arm-musleabihf': [ '4.55.1' ],
34 silly audit   '@rollup/rollup-linux-arm64-gnu': [ '4.55.1' ],
34 silly audit   '@rollup/rollup-linux-arm64-musl': [ '4.55.1' ],
34 silly audit   '@rollup/rollup-linux-loong64-gnu': [ '4.55.1' ],
34 silly audit   '@rollup/rollup-linux-loong64-musl': [ '4.55.1' ],
34 silly audit   '@rollup/rollup-linux-ppc64-gnu': [ '4.55.1' ],
34 silly audit   '@rollup/rollup-linux-ppc64-musl': [ '4.55.1' ],
34 silly audit   '@rollup/rollup-linux-riscv64-gnu': [ '4.55.1' ],
34 silly audit   '@rollup/rollup-linux-riscv64-musl': [ '4.55.1' ],
34 silly audit   '@rollup/rollup-linux-s390x-gnu': [ '4.55.1' ],
34 silly audit   '@rollup/rollup-linux-x64-gnu': [ '4.55.1' ],
34 silly audit   '@rollup/rollup-linux-x64-musl': [ '4.55.1' ],
34 silly audit   '@rollup/rollup-openbsd-x64': [ '4.55.1' ],
34 silly audit   '@rollup/rollup-openharmony-arm64': [ '4.55.1' ],
34 silly audit   '@rollup/rollup-win32-arm64-msvc': [ '4.55.1' ],
34 silly audit   '@rollup/rollup-win32-ia32-msvc': [ '4.55.1' ],
34 silly audit   '@rollup/rollup-win32-x64-gnu': [ '4.55.1' ],
34 silly audit   '@rollup/rollup-win32-x64-msvc': [ '4.55.1' ],
34 silly audit   '@types/estree': [ '1.0.8' ],
34 silly audit   '@vitejs/plugin-vue': [ '6.0.3' ],
34 silly audit   '@vue/compiler-core': [ '3.5.26' ],
34 silly audit   '@vue/compiler-dom': [ '3.5.26' ],
34 silly audit   '@vue/compiler-sfc': [ '3.5.26' ],
34 silly audit   '@vue/compiler-ssr': [ '3.5.26' ],
34 silly audit   '@vue/devtools-api': [ '7.7.9', '6.6.4' ],
34 silly audit   '@vue/devtools-kit': [ '7.7.9' ],
34 silly audit   '@vue/devtools-shared': [ '7.7.9' ],
34 silly audit   '@vue/reactivity': [ '3.5.26' ],
34 silly audit   '@vue/runtime-core': [ '3.5.26' ],
34 silly audit   '@vue/runtime-dom': [ '3.5.26' ],
34 silly audit   '@vue/server-renderer': [ '3.5.26' ],
34 silly audit   '@vue/shared': [ '3.5.26' ],
34 silly audit   birpc: [ '2.9.0' ],
34 silly audit   'copy-anything': [ '4.0.5' ],
34 silly audit   csstype: [ '3.2.3' ],
34 silly audit   entities: [ '7.0.0' ],
34 silly audit   esbuild: [ '0.27.2' ],
34 silly audit   'estree-walker': [ '2.0.2' ],
34 silly audit   fdir: [ '6.5.0' ],
34 silly audit   fsevents: [ '2.3.3' ],
34 silly audit   hookable: [ '5.5.3' ],
34 silly audit   'is-what': [ '5.5.0' ],
34 silly audit   'magic-string': [ '0.30.21' ],
34 silly audit   mitt: [ '3.0.1' ],
34 silly audit   nanoid: [ '3.3.11' ],
34 silly audit   'perfect-debounce': [ '1.0.0' ],
34 silly audit   picocolors: [ '1.1.1' ],
34 silly audit   picomatch: [ '4.0.3' ],
34 silly audit   pinia: [ '3.0.4' ],
34 silly audit   postcss: [ '8.5.6' ],
34 silly audit   rfdc: [ '1.4.1' ],
34 silly audit   rollup: [ '4.55.1' ],
34 silly audit   'source-map-js': [ '1.2.1' ],
34 silly audit   speakingurl: [ '14.0.1' ],
34 silly audit   superjson: [ '2.2.6' ],
34 silly audit   tinyglobby: [ '0.2.15' ],
34 silly audit   vite: [ '7.3.1' ],
34 silly audit   vue: [ '3.5.26' ],
34 silly audit   'vue-router': [ '4.6.4' ]
34 silly audit }
35 verbose reify failed optional dependency /var/www/progect3.antonov-mark.ru/frontend/node_modules/fsevents
36 silly reify mark deleted [ '/var/www/progect3.antonov-mark.ru/frontend/node_modules/fsevents' ]
37 verbose reify failed optional dependency /var/www/progect3.antonov-mark.ru/frontend/node_modules/@rollup/rollup-win32-x64-msvc
38 silly reify mark deleted [
38 silly reify   '/var/www/progect3.antonov-mark.ru/frontend/node_modules/@rollup/rollup-win32-x64-msvc'
38 silly reify ]
39 verbose reify failed optional dependency /var/www/progect3.antonov-mark.ru/frontend/node_modules/@rollup/rollup-win32-x64-gnu
40 silly reify mark deleted [
40 silly reify   '/var/www/progect3.antonov-mark.ru/frontend/node_modules/@rollup/rollup-win32-x64-gnu'
40 silly reify ]
41 verbose reify failed optional dependency /var/www/progect3.antonov-mark.ru/frontend/node_modules/@rollup/rollup-win32-ia32-msvc
42 silly reify mark deleted [
42 silly reify   '/var/www/progect3.antonov-mark.ru/frontend/node_modules/@rollup/rollup-win32-ia32-msvc'
42 silly reify ]
43 verbose reify failed optional dependency /var/www/progect3.antonov-mark.ru/frontend/node_modules/@rollup/rollup-win32-arm64-msvc
44 silly reify mark deleted [
44 silly reify   '/var/www/progect3.antonov-mark.ru/frontend/node_modules/@rollup/rollup-win32-arm64-msvc'
44 silly reify ]
45 verbose reify failed optional dependency /var/www/progect3.antonov-mark.ru/frontend/node_modules/@rollup/rollup-openharmony-arm64
46 silly reify mark deleted [
46 silly reify   '/var/www/progect3.antonov-mark.ru/frontend/node_modules/@rollup/rollup-openharmony-arm64'
46 silly reify ]
47 verbose reify failed optional dependency /var/www/progect3.antonov-mark.ru/frontend/node_modules/@rollup/rollup-openbsd-x64
48 silly reify mark deleted [
48 silly reify   '/var/www/progect3.antonov-mark.ru/frontend/node_modules/@rollup/rollup-openbsd-x64'
48 silly reify ]
49 verbose reify failed optional dependency /var/www/progect3.antonov-mark.ru/frontend/node_modules/@rollup/rollup-linux-s390x-gnu
50 silly reify mark deleted [
50 silly reify   '/var/www/progect3.antonov-mark.ru/frontend/node_modules/@rollup/rollup-linux-s390x-gnu'
50 silly reify ]
51 verbose reify failed optional dependency /var/www/progect3.antonov-mark.ru/frontend/node_modules/@rollup/rollup-linux-riscv64-musl
52 silly reify mark deleted [
52 silly reify   '/var/www/progect3.antonov-mark.ru/frontend/node_modules/@rollup/rollup-linux-riscv64-musl'
52 silly reify ]
53 verbose reify failed optional dependency /var/www/progect3.antonov-mark.ru/frontend/node_modules/@rollup/rollup-linux-riscv64-gnu
54 silly reify mark deleted [
54 silly reify   '/var/www/progect3.antonov-mark.ru/frontend/node_modules/@rollup/rollup-linux-riscv64-gnu'
54 silly reify ]
55 verbose reify failed optional dependency /var/www/progect3.antonov-mark.ru/frontend/node_modules/@rollup/rollup-linux-ppc64-musl
56 silly reify mark deleted [
56 silly reify   '/var/www/progect3.antonov-mark.ru/frontend/node_modules/@rollup/rollup-linux-ppc64-musl'
56 silly reify ]
57 verbose reify failed optional dependency /var/www/progect3.antonov-mark.ru/frontend/node_modules/@rollup/rollup-linux-ppc64-gnu
58 silly reify mark deleted [
58 silly reify   '/var/www/progect3.antonov-mark.ru/frontend/node_modules/@rollup/rollup-linux-ppc64-gnu'
58 silly reify ]
59 verbose reify failed optional dependency /var/www/progect3.antonov-mark.ru/frontend/node_modules/@rollup/rollup-linux-loong64-musl
60 silly reify mark deleted [
60 silly reify   '/var/www/progect3.antonov-mark.ru/frontend/node_modules/@rollup/rollup-linux-loong64-musl'
60 silly reify ]
61 verbose reify failed optional dependency /var/www/progect3.antonov-mark.ru/frontend/node_modules/@rollup/rollup-linux-loong64-gnu
62 silly reify mark deleted [
62 silly reify   '/var/www/progect3.antonov-mark.ru/frontend/node_modules/@rollup/rollup-linux-loong64-gnu'
62 silly reify ]
63 verbose reify failed optional dependency /var/www/progect3.antonov-mark.ru/frontend/node_modules/@rollup/rollup-linux-arm64-musl
64 silly reify mark deleted [
64 silly reify   '/var/www/progect3.antonov-mark.ru/frontend/node_modules/@rollup/rollup-linux-arm64-musl'
64 silly reify ]
65 verbose reify failed optional dependency /var/www/progect3.antonov-mark.ru/frontend/node_modules/@rollup/rollup-linux-arm64-gnu
66 silly reify mark deleted [
66 silly reify   '/var/www/progect3.antonov-mark.ru/frontend/node_modules/@rollup/rollup-linux-arm64-gnu'
66 silly reify ]
67 verbose reify failed optional dependency /var/www/progect3.antonov-mark.ru/frontend/node_modules/@rollup/rollup-linux-arm-musleabihf
68 silly reify mark deleted [
68 silly reify   '/var/www/progect3.antonov-mark.ru/frontend/node_modules/@rollup/rollup-linux-arm-musleabihf'
68 silly reify ]
69 verbose reify failed optional dependency /var/www/progect3.antonov-mark.ru/frontend/node_modules/@rollup/rollup-linux-arm-gnueabihf
70 silly reify mark deleted [
70 silly reify   '/var/www/progect3.antonov-mark.ru/frontend/node_modules/@rollup/rollup-linux-arm-gnueabihf'
70 silly reify ]
71 verbose reify failed optional dependency /var/www/progect3.antonov-mark.ru/frontend/node_modules/@rollup/rollup-freebsd-x64
72 silly reify mark deleted [
72 silly reify   '/var/www/progect3.antonov-mark.ru/frontend/node_modules/@rollup/rollup-freebsd-x64'
72 silly reify ]
73 verbose reify failed optional dependency /var/www/progect3.antonov-mark.ru/frontend/node_modules/@rollup/rollup-freebsd-arm64
74 silly reify mark deleted [
74 silly reify   '/var/www/progect3.antonov-mark.ru/frontend/node_modules/@rollup/rollup-freebsd-arm64'
74 silly reify ]
75 verbose reify failed optional dependency /var/www/progect3.antonov-mark.ru/frontend/node_modules/@rollup/rollup-darwin-x64
76 silly reify mark deleted [
76 silly reify   '/var/www/progect3.antonov-mark.ru/frontend/node_modules/@rollup/rollup-darwin-x64'
76 silly reify ]
77 verbose reify failed optional dependency /var/www/progect3.antonov-mark.ru/frontend/node_modules/@rollup/rollup-darwin-arm64
78 silly reify mark deleted [
78 silly reify   '/var/www/progect3.antonov-mark.ru/frontend/node_modules/@rollup/rollup-darwin-arm64'
78 silly reify ]
79 verbose reify failed optional dependency /var/www/progect3.antonov-mark.ru/frontend/node_modules/@rollup/rollup-android-arm64
80 silly reify mark deleted [
80 silly reify   '/var/www/progect3.antonov-mark.ru/frontend/node_modules/@rollup/rollup-android-arm64'
80 silly reify ]
81 verbose reify failed optional dependency /var/www/progect3.antonov-mark.ru/frontend/node_modules/@rollup/rollup-android-arm-eabi
82 silly reify mark deleted [
82 silly reify   '/var/www/progect3.antonov-mark.ru/frontend/node_modules/@rollup/rollup-android-arm-eabi'
82 silly reify ]
83 verbose reify failed optional dependency /var/www/progect3.antonov-mark.ru/frontend/node_modules/@esbuild/win32-x64
84 silly reify mark deleted [
84 silly reify   '/var/www/progect3.antonov-mark.ru/frontend/node_modules/@esbuild/win32-x64'
84 silly reify ]
85 verbose reify failed optional dependency /var/www/progect3.antonov-mark.ru/frontend/node_modules/@esbuild/win32-ia32
86 silly reify mark deleted [
86 silly reify   '/var/www/progect3.antonov-mark.ru/frontend/node_modules/@esbuild/win32-ia32'
86 silly reify ]
87 verbose reify failed optional dependency /var/www/progect3.antonov-mark.ru/frontend/node_modules/@esbuild/win32-arm64
88 silly reify mark deleted [
88 silly reify   '/var/www/progect3.antonov-mark.ru/frontend/node_modules/@esbuild/win32-arm64'
88 silly reify ]
89 verbose reify failed optional dependency /var/www/progect3.antonov-mark.ru/frontend/node_modules/@esbuild/sunos-x64
90 silly reify mark deleted [
90 silly reify   '/var/www/progect3.antonov-mark.ru/frontend/node_modules/@esbuild/sunos-x64'
90 silly reify ]
91 verbose reify failed optional dependency /var/www/progect3.antonov-mark.ru/frontend/node_modules/@esbuild/openharmony-arm64
92 silly reify mark deleted [
92 silly reify   '/var/www/progect3.antonov-mark.ru/frontend/node_modules/@esbuild/openharmony-arm64'
92 silly reify ]
93 verbose reify failed optional dependency /var/www/progect3.antonov-mark.ru/frontend/node_modules/@esbuild/openbsd-x64
94 silly reify mark deleted [
94 silly reify   '/var/www/progect3.antonov-mark.ru/frontend/node_modules/@esbuild/openbsd-x64'
94 silly reify ]
95 verbose reify failed optional dependency /var/www/progect3.antonov-mark.ru/frontend/node_modules/@esbuild/openbsd-arm64
96 silly reify mark deleted [
96 silly reify   '/var/www/progect3.antonov-mark.ru/frontend/node_modules/@esbuild/openbsd-arm64'
96 silly reify ]
97 verbose reify failed optional dependency /var/www/progect3.antonov-mark.ru/frontend/node_modules/@esbuild/netbsd-x64
98 silly reify mark deleted [
98 silly reify   '/var/www/progect3.antonov-mark.ru/frontend/node_modules/@esbuild/netbsd-x64'
98 silly reify ]
99 verbose reify failed optional dependency /var/www/progect3.antonov-mark.ru/frontend/node_modules/@esbuild/netbsd-arm64
100 silly reify mark deleted [
100 silly reify   '/var/www/progect3.antonov-mark.ru/frontend/node_modules/@esbuild/netbsd-arm64'
100 silly reify ]
101 verbose reify failed optional dependency /var/www/progect3.antonov-mark.ru/frontend/node_modules/@esbuild/linux-s390x
102 silly reify mark deleted [
102 silly reify   '/var/www/progect3.antonov-mark.ru/frontend/node_modules/@esbuild/linux-s390x'
102 silly reify ]
103 verbose reify failed optional dependency /var/www/progect3.antonov-mark.ru/frontend/node_modules/@esbuild/linux-riscv64
104 silly reify mark deleted [
104 silly reify   '/var/www/progect3.antonov-mark.ru/frontend/node_modules/@esbuild/linux-riscv64'
104 silly reify ]
105 verbose reify failed optional dependency /var/www/progect3.antonov-mark.ru/frontend/node_modules/@esbuild/linux-ppc64
106 silly reify mark deleted [
106 silly reify   '/var/www/progect3.antonov-mark.ru/frontend/node_modules/@esbuild/linux-ppc64'
106 silly reify ]
107 verbose reify failed optional dependency /var/www/progect3.antonov-mark.ru/frontend/node_modules/@esbuild/linux-mips64el
108 silly reify mark deleted [
108 silly reify   '/var/www/progect3.antonov-mark.ru/frontend/node_modules/@esbuild/linux-mips64el'
108 silly reify ]
109 verbose reify failed optional dependency /var/www/progect3.antonov-mark.ru/frontend/node_modules/@esbuild/linux-loong64
110 silly reify mark deleted [
110 silly reify   '/var/www/progect3.antonov-mark.ru/frontend/node_modules/@esbuild/linux-loong64'
110 silly reify ]
111 verbose reify failed optional dependency /var/www/progect3.antonov-mark.ru/frontend/node_modules/@esbuild/linux-ia32
112 silly reify mark deleted [
112 silly reify   '/var/www/progect3.antonov-mark.ru/frontend/node_modules/@esbuild/linux-ia32'
112 silly reify ]
113 verbose reify failed optional dependency /var/www/progect3.antonov-mark.ru/frontend/node_modules/@esbuild/linux-arm64
114 silly reify mark deleted [
114 silly reify   '/var/www/progect3.antonov-mark.ru/frontend/node_modules/@esbuild/linux-arm64'
114 silly reify ]
115 verbose reify failed optional dependency /var/www/progect3.antonov-mark.ru/frontend/node_modules/@esbuild/linux-arm
116 silly reify mark deleted [
116 silly reify   '/var/www/progect3.antonov-mark.ru/frontend/node_modules/@esbuild/linux-arm'
116 silly reify ]
117 verbose reify failed optional dependency /var/www/progect3.antonov-mark.ru/frontend/node_modules/@esbuild/freebsd-x64
118 silly reify mark deleted [
118 silly reify   '/var/www/progect3.antonov-mark.ru/frontend/node_modules/@esbuild/freebsd-x64'
118 silly reify ]
119 verbose reify failed optional dependency /var/www/progect3.antonov-mark.ru/frontend/node_modules/@esbuild/freebsd-arm64
120 silly reify mark deleted [
120 silly reify   '/var/www/progect3.antonov-mark.ru/frontend/node_modules/@esbuild/freebsd-arm64'
120 silly reify ]
121 verbose reify failed optional dependency /var/www/progect3.antonov-mark.ru/frontend/node_modules/@esbuild/darwin-x64
122 silly reify mark deleted [
122 silly reify   '/var/www/progect3.antonov-mark.ru/frontend/node_modules/@esbuild/darwin-x64'
122 silly reify ]
123 verbose reify failed optional dependency /var/www/progect3.antonov-mark.ru/frontend/node_modules/@esbuild/darwin-arm64
124 silly reify mark deleted [
124 silly reify   '/var/www/progect3.antonov-mark.ru/frontend/node_modules/@esbuild/darwin-arm64'
124 silly reify ]
125 verbose reify failed optional dependency /var/www/progect3.antonov-mark.ru/frontend/node_modules/@esbuild/android-x64
126 silly reify mark deleted [
126 silly reify   '/var/www/progect3.antonov-mark.ru/frontend/node_modules/@esbuild/android-x64'
126 silly reify ]
127 verbose reify failed optional dependency /var/www/progect3.antonov-mark.ru/frontend/node_modules/@esbuild/android-arm64
128 silly reify mark deleted [
128 silly reify   '/var/www/progect3.antonov-mark.ru/frontend/node_modules/@esbuild/android-arm64'
128 silly reify ]
129 verbose reify failed optional dependency /var/www/progect3.antonov-mark.ru/frontend/node_modules/@esbuild/android-arm
130 silly reify mark deleted [
130 silly reify   '/var/www/progect3.antonov-mark.ru/frontend/node_modules/@esbuild/android-arm'
130 silly reify ]
131 verbose reify failed optional dependency /var/www/progect3.antonov-mark.ru/frontend/node_modules/@esbuild/aix-ppc64
132 silly reify mark deleted [
132 silly reify   '/var/www/progect3.antonov-mark.ru/frontend/node_modules/@esbuild/aix-ppc64'
132 silly reify ]
133 silly tarball no local data for vue-router@https://registry.npmjs.org/vue-router/-/vue-router-4.6.4.tgz. Extracting by manifest.
134 silly tarball no local data for @vue/devtools-api@https://registry.npmjs.org/@vue/devtools-api/-/devtools-api-6.6.4.tgz. Extracting by manifest.
135 http fetch POST 200 https://registry.npmjs.org/-/npm/v1/security/advisories/bulk 226ms
136 silly audit report {}
137 http fetch GET 200 https://registry.npmjs.org/@vue/devtools-api/-/devtools-api-6.6.4.tgz 250ms (cache miss)
138 http fetch GET 200 https://registry.npmjs.org/vue-router/-/vue-router-4.6.4.tgz 267ms (cache miss)
139 silly ADD node_modules/vue-router
140 silly ADD node_modules/vue-router/node_modules/@vue/devtools-api
141 silly ADD
142 silly ADD
143 silly ADD
144 silly ADD
145 silly ADD
146 silly ADD
147 silly ADD
148 silly ADD
149 silly ADD
150 silly ADD
151 silly ADD
152 silly ADD
153 silly ADD
154 silly ADD
155 silly ADD
156 silly ADD
157 silly ADD
158 silly ADD
159 silly ADD
160 silly ADD
161 silly ADD
162 silly ADD
163 silly ADD
164 silly ADD
165 silly ADD
166 silly ADD
167 silly ADD
168 silly ADD
169 silly ADD
170 silly ADD
171 silly ADD
172 silly ADD
173 silly ADD
174 silly ADD
175 silly ADD
176 silly ADD
177 silly ADD
178 silly ADD
179 silly ADD
180 silly ADD
181 silly ADD
182 silly ADD
183 silly ADD
184 silly ADD
185 silly ADD
186 silly ADD
187 silly ADD
188 silly ADD
189 silly ADD
190 verbose cwd /var/www/progect3.antonov-mark.ru/frontend
191 verbose os Linux 6.8.0-90-generic
192 verbose node v20.19.6
193 verbose npm  v10.8.2
194 verbose exit 0
195 info ok
